// Vitest Snapshot v1, https://vitest.dev/guide/snapshot.html

exports[`Footer > matches the snapshot 1`] = `
<div>
  <footer
    class="flex flex-col sm:flex-row items-stretch sm:items-center justify-between px-6 py-4 text-sm flex-shrink-0 md:sticky md:bottom-0"
  >
    <p>
      © 
      2026
      <!---->
       
      <a
        href="/accessibility"
      >
        Accessibility
      </a>
      . 
      <a
        href="https://webring.xxiivv.com/#random"
      >
        Webring
      </a>
      . 
      
      <!---->
    </p>
  </footer>
</div>
`;
