// Vitest Snapshot v1, https://vitest.dev/guide/snapshot.html

exports[`Nav > matches the snapshot 1`] = `
<div>
  <nav
    class="relative tracking-tighter px-6 py-4 flex-shrink-0 view-transition-header bg-white dark:bg-[#0a0a0a] z-50"
  >
    <div
      class="flex items-center justify-between h-16"
    >
      <a
        aria-current="page"
        class="font-medium"
        data-active=""
        href="/"
      >
        <h1
          class="!text-lg"
        >
          Tom Hackshaw
        </h1>
      </a>
      <div
        class="hidden md:flex md:items-center space-x-4 text-lg"
      >
        <a
          href="/work"
        >
          Work
        </a>
        <a
          href="/posts"
        >
          Writing
        </a>
      </div>
      <button
        aria-label="Toggle menu"
        class="md:hidden p-2"
      >
        <svg
          fill="none"
          height="24"
          stroke="currentColor"
          stroke-width="2"
          viewBox="0 0 24 24"
          width="24"
        >
          <line
            x1="3"
            x2="21"
            y1="6"
            y2="6"
          />
          <line
            x1="3"
            x2="21"
            y1="12"
            y2="12"
          />
          <line
            x1="3"
            x2="21"
            y1="18"
            y2="18"
          />
        </svg>
      </button>
    </div>
    
  </nav>
</div>
`;
