// Vitest Snapshot v1, https://vitest.dev/guide/snapshot.html

exports[`Nav > matches the snapshot 1`] = `
<div>
  <nav
    class="relative tracking-tighter px-6 py-4 flex-shrink-0 view-transition-header bg-white dark:bg-[#0a0a0a] z-50"
  >
    <div
      class="flex items-center justify-between h-16"
    >
      <a
        aria-current="page"
        class="font-medium"
        data-active=""
        href="/"
      >
        <h1
          class="!text-lg"
        >
          Tom Hackshaw
        </h1>
      </a>
      <div
        class="hidden md:flex md:items-center space-x-4 text-lg"
      >
        <a
          href="/work"
        >
          Work
        </a>
        <a
          href="/posts"
        >
          Writing
        </a>
      </div>
      <div
        class="md:hidden"
      >
        <div
          class="relative inline-block"
          data-tomui-component="DropdownMenu"
        >
          <button
            aria-expanded="false"
            aria-haspopup="menu"
            class="text-lg"
            data-tomui-component="DropdownMenu"
            data-tomui-part="trigger"
          >
            Menu
          </button>
        </div>
      </div>
    </div>
  </nav>
</div>
`;
